// Jest Snapshot v1, https://goo.gl/fbAQLP

exports[`Testing snapshot for BlackbaudRaisersEdgeNxt's createConstituentAction destination action: all fields 1`] = `
Object {
  "birthdate": Object {
    "d": "31",
    "m": "1",
    "y": "2021",
  },
  "first": "bUa9Yg9hQ",
  "gender": "bUa9Yg9hQ",
  "income": "bUa9Yg9hQ",
  "last": "bUa9Yg9hQ",
  "lookup_id": "bUa9Yg9hQ",
}
`;

exports[`Testing snapshot for BlackbaudRaisersEdgeNxt's createConstituentAction destination action: required fields 1`] = `
Object {
  "lookup_id": "bUa9Yg9hQ",
}
`;
